mode: set
url-shortener/cmd/server/main.go:20.2,25.1 7 0
url-shortener/cmd/server/main.go:26.2,27.1 7 0
url-shortener/cmd/server/main.go:28.2,28.26 7 0
url-shortener/cmd/server/main.go:29.3,30.17 2 0
url-shortener/cmd/server/main.go:31.4,32.1 1 0
url-shortener/cmd/server/main.go:33.3,34.1 2 0
url-shortener/cmd/server/main.go:35.3,35.33 2 0
url-shortener/cmd/server/main.go:36.9,36.35 1 0
url-shortener/cmd/server/main.go:37.3,39.1 2 0
url-shortener/cmd/server/main.go:40.3,41.1 1 0
url-shortener/cmd/server/main.go:43.2,44.1 7 0
url-shortener/cmd/server/main.go:45.2,52.1 7 0
url-shortener/cmd/server/main.go:54.2,57.1 7 0
url-shortener/cmd/server/main.go:58.2,59.1 7 0
url-shortener/cmd/server/main.go:60.2,60.12 7 0
url-shortener/cmd/server/main.go:61.3,63.1 2 0
url-shortener/cmd/server/main.go:65.2,65.9 1 0
url-shortener/cmd/server/main.go:67.3,67.44 1 0
url-shortener/cmd/server/main.go:68.4,69.1 1 0
url-shortener/cmd/server/main.go:72.3,73.1 4 0
url-shortener/cmd/server/main.go:74.3,76.1 4 0
url-shortener/cmd/server/main.go:77.3,77.46 4 0
url-shortener/cmd/server/main.go:78.4,79.1 1 0
url-shortener/cmd/server/main.go:81.3,81.32 1 0
url-shortener/internal/shortener/service.go:32.2,34.1 2 1
url-shortener/internal/shortener/service.go:37.2,38.33 2 1
url-shortener/internal/shortener/service.go:39.3,40.19 2 1
url-shortener/internal/shortener/service.go:41.4,42.1 1 1
url-shortener/internal/shortener/service.go:45.2,48.1 1 1
url-shortener/internal/shortener/service.go:52.2,53.1 3 1
url-shortener/internal/shortener/service.go:54.2,55.16 3 1
url-shortener/internal/shortener/service.go:56.3,57.1 1 1
url-shortener/internal/shortener/service.go:59.2,59.49 1 1
url-shortener/internal/shortener/service.go:60.3,61.1 1 1
url-shortener/internal/shortener/service.go:63.2,63.27 1 1
url-shortener/internal/shortener/service.go:64.3,65.17 2 1
url-shortener/internal/shortener/service.go:66.4,67.1 1 0
url-shortener/internal/shortener/service.go:69.3,69.37 1 1
url-shortener/internal/shortener/service.go:70.4,71.1 1 1
url-shortener/internal/shortener/service.go:73.3,73.53 1 0
url-shortener/internal/shortener/service.go:74.4,75.1 1 0
url-shortener/internal/shortener/service.go:78.2,78.57 1 0
url-shortener/internal/shortener/service.go:82.2,83.16 2 1
url-shortener/internal/shortener/service.go:84.3,84.40 1 1
url-shortener/internal/shortener/service.go:85.4,86.1 1 1
url-shortener/internal/shortener/service.go:88.3,88.55 1 0
url-shortener/internal/shortener/service.go:91.2,91.18 1 1
url-shortener/internal/shortener/service.go:95.2,95.17 1 1
url-shortener/internal/shortener/service.go:96.3,97.1 1 1
url-shortener/internal/shortener/service.go:99.2,100.32 2 1
url-shortener/internal/shortener/service.go:101.3,102.1 1 1
url-shortener/internal/shortener/service.go:104.2,105.1 2 1
url-shortener/internal/shortener/service.go:106.2,106.47 2 1
url-shortener/internal/shortener/service.go:107.3,108.1 1 1
url-shortener/internal/shortener/service.go:110.2,110.19 1 1
url-shortener/internal/shortener/service.go:111.3,112.1 1 1
url-shortener/internal/shortener/service.go:114.2,115.1 2 1
url-shortener/internal/shortener/service.go:116.2,116.80 2 1
url-shortener/internal/shortener/service.go:117.3,118.1 1 1
url-shortener/internal/shortener/service.go:120.2,120.40 1 1
url-shortener/internal/shortener/service.go:121.3,124.23 1 1
url-shortener/internal/shortener/service.go:125.4,126.1 1 1
url-shortener/internal/shortener/service.go:129.2,130.1 2 1
url-shortener/internal/shortener/service.go:131.2,131.24 2 1
url-shortener/internal/shortener/service.go:135.2,137.1 3 1
url-shortener/internal/shortener/service.go:138.2,138.44 3 1
url-shortener/internal/shortener/service.go:139.3,140.1 1 0
url-shortener/internal/shortener/service.go:141.2,141.15 1 1
url-shortener/internal/shortener/service.go:145.2,145.38 1 1
url-shortener/internal/shortener/service.go:146.3,146.62 1 1
url-shortener/internal/shortener/service.go:147.4,148.1 1 1
url-shortener/internal/shortener/service.go:150.2,150.14 1 1
url-shortener/internal/shortener/service.go:154.2,158.1 5 1
url-shortener/internal/shortener/service.go:159.2,159.31 5 1
url-shortener/internal/shortener/service.go:160.3,160.28 1 1
url-shortener/internal/shortener/service.go:161.4,161.51 1 1
url-shortener/internal/shortener/service.go:162.5,163.1 1 0
url-shortener/internal/shortener/service.go:164.4,164.13 1 1
url-shortener/internal/shortener/service.go:167.3,169.39 3 1
url-shortener/internal/shortener/service.go:170.4,170.12 1 1
url-shortener/internal/shortener/service.go:173.3,174.6 2 1
url-shortener/internal/shortener/service.go:177.2,177.28 1 1
url-shortener/internal/store/file_store.go:27.2,27.62 1 1
url-shortener/internal/store/file_store.go:28.3,29.1 1 0
url-shortener/internal/store/file_store.go:31.2,32.16 2 1
url-shortener/internal/store/file_store.go:33.3,34.1 1 0
url-shortener/internal/store/file_store.go:36.2,40.1 2 1
url-shortener/internal/store/file_store.go:42.2,42.33 2 1
url-shortener/internal/store/file_store.go:43.3,45.1 2 1
url-shortener/internal/store/file_store.go:47.2,47.15 1 1
url-shortener/internal/store/file_store.go:51.2,52.16 2 1
url-shortener/internal/store/file_store.go:53.3,54.1 1 0
url-shortener/internal/store/file_store.go:56.2,56.20 1 1
url-shortener/internal/store/file_store.go:57.3,58.1 1 1
url-shortener/internal/store/file_store.go:60.2,60.31 1 1
url-shortener/internal/store/file_store.go:61.3,64.40 4 1
url-shortener/internal/store/file_store.go:65.4,66.1 1 0
url-shortener/internal/store/file_store.go:67.3,68.17 2 1
url-shortener/internal/store/file_store.go:69.4,70.1 1 0
url-shortener/internal/store/file_store.go:71.3,71.58 1 1
url-shortener/internal/store/file_store.go:72.4,74.1 2 0
url-shortener/internal/store/file_store.go:75.3,75.45 1 1
url-shortener/internal/store/file_store.go:76.4,78.1 2 0
url-shortener/internal/store/file_store.go:79.3,79.46 1 1
url-shortener/internal/store/file_store.go:80.4,81.1 1 0
url-shortener/internal/store/file_store.go:82.3,83.17 2 1
url-shortener/internal/store/file_store.go:84.4,85.1 1 0
url-shortener/internal/store/file_store.go:86.3,86.26 1 1
url-shortener/internal/store/file_store.go:89.2,89.55 1 1
url-shortener/internal/store/file_store.go:90.3,90.21 1 1
url-shortener/internal/store/file_store.go:91.4,91.12 1 1
url-shortener/internal/store/file_store.go:94.3,95.55 2 1
url-shortener/internal/store/file_store.go:96.4,97.1 1 1
url-shortener/internal/store/file_store.go:98.3,98.44 1 1
url-shortener/internal/store/file_store.go:99.4,100.1 1 1
url-shortener/internal/store/file_store.go:101.3,101.46 1 1
url-shortener/internal/store/file_store.go:102.4,103.1 1 1
url-shortener/internal/store/file_store.go:104.3,104.48 1 1
url-shortener/internal/store/file_store.go:105.4,106.1 1 1
url-shortener/internal/store/file_store.go:108.3,112.1 2 1
url-shortener/internal/store/file_store.go:115.2,115.12 1 1
url-shortener/internal/store/file_store.go:119.2,121.1 4 1
url-shortener/internal/store/file_store.go:122.2,124.1 4 1
url-shortener/internal/store/file_store.go:127.2,129.1 4 1
url-shortener/internal/store/file_store.go:130.2,131.9 4 1
url-shortener/internal/store/file_store.go:132.3,133.1 1 1
url-shortener/internal/store/file_store.go:135.2,135.18 1 1
url-shortener/internal/store/file_store.go:139.2,141.1 3 1
url-shortener/internal/store/file_store.go:142.2,142.38 3 1
url-shortener/internal/store/file_store.go:143.3,144.1 1 1
url-shortener/internal/store/file_store.go:146.2,146.40 1 1
url-shortener/internal/store/file_store.go:147.3,148.1 1 1
url-shortener/internal/store/file_store.go:150.2,154.1 3 1
url-shortener/internal/store/file_store.go:156.2,157.16 3 1
url-shortener/internal/store/file_store.go:158.3,159.1 1 0
url-shortener/internal/store/file_store.go:161.2,162.1 3 1
url-shortener/internal/store/file_store.go:163.2,164.16 3 1
url-shortener/internal/store/file_store.go:165.3,166.1 1 1
url-shortener/internal/store/file_store.go:168.2,169.1 3 1
url-shortener/internal/store/file_store.go:170.2,171.34 3 1
url-shortener/internal/store/file_store.go:172.3,175.1 3 0
url-shortener/internal/store/file_store.go:177.2,177.38 1 1
url-shortener/internal/store/file_store.go:178.3,181.1 3 0
url-shortener/internal/store/file_store.go:183.2,187.1 3 1
url-shortener/internal/store/file_store.go:189.2,189.13 3 1
url-shortener/internal/store/file_store.go:193.2,195.1 3 1
url-shortener/internal/store/file_store.go:196.2,197.1 3 1
url-shortener/internal/store/store.go:23.2,26.1 1 1
url-shortener/internal/store/store.go:30.2,32.1 4 1
url-shortener/internal/store/store.go:33.2,35.1 4 1
url-shortener/internal/store/store.go:38.2,40.1 4 1
url-shortener/internal/store/store.go:41.2,42.9 4 1
url-shortener/internal/store/store.go:43.3,44.1 1 1
url-shortener/internal/store/store.go:46.2,46.18 1 1
url-shortener/internal/store/store.go:50.2,52.1 3 1
url-shortener/internal/store/store.go:53.2,53.30 3 1
url-shortener/internal/store/store.go:54.3,55.1 1 1
url-shortener/internal/store/store.go:57.2,57.32 1 1
url-shortener/internal/store/store.go:58.3,59.1 1 1
url-shortener/internal/store/store.go:61.2,65.1 3 1
url-shortener/internal/store/store.go:67.2,67.13 3 1
url-shortener/internal/httpapi/handler.go:40.2,41.1 6 1
url-shortener/internal/httpapi/handler.go:42.2,46.1 6 1
url-shortener/internal/httpapi/handler.go:48.2,51.1 6 1
url-shortener/internal/httpapi/handler.go:52.2,53.1 6 1
url-shortener/internal/httpapi/handler.go:56.2,56.33 1 1
url-shortener/internal/httpapi/handler.go:57.3,60.1 3 1
url-shortener/internal/httpapi/handler.go:62.2,63.1 2 1
url-shortener/internal/httpapi/handler.go:64.2,64.30 2 1
url-shortener/internal/httpapi/handler.go:65.3,69.1 4 1
url-shortener/internal/httpapi/handler.go:71.2,72.1 6 1
url-shortener/internal/httpapi/handler.go:73.2,76.1 6 1
url-shortener/internal/httpapi/handler.go:77.2,79.1 6 1
url-shortener/internal/httpapi/handler.go:81.2,81.45 6 1
url-shortener/internal/httpapi/handler.go:82.3,83.32 2 1
url-shortener/internal/httpapi/handler.go:84.4,86.1 2 1
url-shortener/internal/httpapi/handler.go:87.3,88.9 2 1
url-shortener/internal/httpapi/handler.go:91.2,91.65 1 1
url-shortener/internal/httpapi/handler.go:92.3,94.1 2 1
url-shortener/internal/httpapi/handler.go:96.2,96.19 1 1
url-shortener/internal/httpapi/handler.go:97.3,99.1 2 1
url-shortener/internal/httpapi/handler.go:101.2,102.16 2 1
url-shortener/internal/httpapi/handler.go:103.3,103.46 1 1
url-shortener/internal/httpapi/handler.go:104.4,106.1 2 1
url-shortener/internal/httpapi/handler.go:108.3,109.9 2 0
url-shortener/internal/httpapi/handler.go:112.2,115.4 1 1
url-shortener/internal/httpapi/handler.go:119.2,119.32 1 1
url-shortener/internal/httpapi/handler.go:120.3,123.1 3 1
url-shortener/internal/httpapi/handler.go:125.2,126.1 2 1
url-shortener/internal/httpapi/handler.go:127.2,127.47 2 1
url-shortener/internal/httpapi/handler.go:128.3,130.1 2 1
url-shortener/internal/httpapi/handler.go:132.2,133.16 2 1
url-shortener/internal/httpapi/handler.go:134.3,135.38 1 1
url-shortener/internal/httpapi/handler.go:136.4,138.1 2 1
url-shortener/internal/httpapi/handler.go:140.3,141.9 2 0
url-shortener/internal/httpapi/handler.go:144.2,148.4 1 1
url-shortener/internal/httpapi/handler.go:152.2,152.32 1 1
url-shortener/internal/httpapi/handler.go:153.3,156.1 3 1
url-shortener/internal/httpapi/handler.go:158.2,159.1 2 1
url-shortener/internal/httpapi/handler.go:160.2,160.47 2 1
url-shortener/internal/httpapi/handler.go:161.3,163.1 2 1
url-shortener/internal/httpapi/handler.go:165.2,166.16 2 1
url-shortener/internal/httpapi/handler.go:167.3,168.38 1 1
url-shortener/internal/httpapi/handler.go:169.4,171.1 2 1
url-shortener/internal/httpapi/handler.go:173.3,174.9 2 0
url-shortener/internal/httpapi/handler.go:177.2,177.49 1 1
url-shortener/internal/httpapi/handler.go:181.2,183.1 3 1
url-shortener/internal/httpapi/handler.go:184.2,185.1 3 1
url-shortener/internal/httpapi/handler.go:188.2,191.1 1 1
url-shortener/internal/httpapi/handler.go:194.2,194.17 1 1
url-shortener/internal/httpapi/handler.go:195.3,196.1 1 1
url-shortener/internal/httpapi/handler.go:198.2,198.30 1 1
url-shortener/internal/httpapi/logging.go:15.2,15.19 1 1
url-shortener/internal/httpapi/logging.go:16.3,17.1 1 1
url-shortener/internal/httpapi/logging.go:18.2,18.38 1 1
url-shortener/internal/httpapi/logging.go:22.2,22.19 1 1
url-shortener/internal/httpapi/logging.go:23.3,24.1 1 1
url-shortener/internal/httpapi/logging.go:25.2,25.37 1 1
url-shortener/internal/httpapi/logging.go:29.2,29.71 1 1
url-shortener/internal/httpapi/logging.go:30.3,31.1 5 1
url-shortener/internal/httpapi/logging.go:32.3,34.1 5 1
url-shortener/internal/httpapi/logging.go:36.3,37.1 5 1
url-shortener/internal/httpapi/logging.go:38.3,39.18 5 1
url-shortener/internal/httpapi/logging.go:40.4,41.1 1 1
url-shortener/internal/httpapi/logging.go:43.3,49.4 1 1
url-shortener/internal/httpapi/rate_limiter.go:25.2,29.1 1 1
url-shortener/internal/httpapi/rate_limiter.go:33.2,34.1 5 1
url-shortener/internal/httpapi/rate_limiter.go:35.2,37.1 5 1
url-shortener/internal/httpapi/rate_limiter.go:38.2,39.27 5 1
url-shortener/internal/httpapi/rate_limiter.go:40.3,40.40 1 1
url-shortener/internal/httpapi/rate_limiter.go:41.4,41.34 1 1
url-shortener/internal/httpapi/rate_limiter.go:42.5,43.1 1 1
url-shortener/internal/httpapi/rate_limiter.go:47.2,48.1 2 1
url-shortener/internal/httpapi/rate_limiter.go:49.2,49.43 2 1
url-shortener/internal/httpapi/rate_limiter.go:50.3,53.1 2 1
url-shortener/internal/httpapi/rate_limiter.go:54.3,55.1 2 1
url-shortener/internal/httpapi/rate_limiter.go:57.2,57.28 1 1
url-shortener/internal/httpapi/rate_limiter.go:58.3,59.1 1 1
url-shortener/internal/httpapi/rate_limiter.go:61.2,63.1 3 1
url-shortener/internal/httpapi/rate_limiter.go:64.2,64.13 3 1
url-shortener/internal/httpapi/rate_limiter.go:68.2,69.1 5 1
url-shortener/internal/httpapi/rate_limiter.go:70.2,72.1 5 1
url-shortener/internal/httpapi/rate_limiter.go:73.2,74.43 5 1
url-shortener/internal/httpapi/rate_limiter.go:75.3,76.1 1 0
url-shortener/internal/httpapi/rate_limiter.go:78.2,79.17 2 1
url-shortener/internal/httpapi/rate_limiter.go:80.3,81.1 1 0
url-shortener/internal/httpapi/rate_limiter.go:83.2,83.16 1 1
url-shortener/internal/httpapi/rate_limiter.go:87.2,88.16 2 1
url-shortener/internal/httpapi/rate_limiter.go:89.3,90.1 1 1
url-shortener/internal/httpapi/rate_limiter.go:92.2,93.17 2 1
url-shortener/internal/httpapi/rate_limiter.go:94.3,95.1 1 1
url-shortener/internal/httpapi/rate_limiter.go:97.2,97.14 1 1
